--------------------------------------------------------------------------------------
Timing Analyzer Summary
--------------------------------------------------------------------------------------

Type           : Worst-case tco
Slack          : N/A
Required Time  : None
Actual Time    : 11.928 ns
From           : SRAM:inst12|SRAM_ADDR[8]
To             : SRAM_DQ[4]
From Clock     : clk_50
To Clock       : --
Failed Paths   : 0

Type           : Clock Setup: 'altpll0:inst1|altpll:altpll_component|_clk0'
Slack          : 29.539 ns
Required Time  : 12.50 MHz ( period = 80.000 ns )
Actual Time    : 47.80 MHz ( period = 20.922 ns )
From           : SCOMP:inst|altsyncram:MEMORY|altsyncram_mut3:auto_generated|ram_block1a6~porta_address_reg10
To             : SCOMP:inst|AC[11]
From Clock     : altpll0:inst1|altpll:altpll_component|_clk0
To Clock       : altpll0:inst1|altpll:altpll_component|_clk0
Failed Paths   : 0

Type           : Clock Hold: 'altpll0:inst1|altpll:altpll_component|_clk0'
Slack          : -2.678 ns
Required Time  : 12.50 MHz ( period = 80.000 ns )
Actual Time    : N/A
From           : SCOMP:inst|AC[15]
To             : SRAM:inst12|SRAM_ADDR[15]
From Clock     : altpll0:inst1|altpll:altpll_component|_clk0
To Clock       : altpll0:inst1|altpll:altpll_component|_clk0
Failed Paths   : 69

Type           : Total number of failed paths
Slack          : 
Required Time  : 
Actual Time    : 
From           : 
To             : 
From Clock     : 
To Clock       : 
Failed Paths   : 69

--------------------------------------------------------------------------------------

